[2m12:39:27[22m [31m[1m[vite][22m[39m [31mInternal server error: Failed to resolve import "../api" from "src/components/Navbar/Navbar.jsx". Does the file exist?[39m
  Plugin: [35mvite:import-analysis[39m
  File: [36mC:/Users/daviz/OneDrive/Documentos/GitHub/VALEIRO_DAVID_FULLSTACK/Pec05/front/src/components/Navbar/Navbar.jsx[39m:3:27
[33m  1  |  import { useState } from "react";
  2  |  import { Link } from "react-router-dom";
  3  |  import { clearToken } from "../api";
     |                              ^
  4  |  var _jsxFileName = "C:/Users/daviz/OneDrive/Documentos/GitHub/VALEIRO_DAVID_FULLSTACK/Pec05/front/src/components/Navb...
  5  |  import { jsxDEV as _jsxDEV } from "react/jsx-dev-runtime";[39m
      at TransformPluginContext._formatLog (file:///C:/Users/daviz/OneDrive/Documentos/GitHub/VALEIRO_DAVID_FULLSTACK/Pec05/front/node_modules/vite/dist/node/chunks/node.js:8393:39)
      at TransformPluginContext.error (file:///C:/Users/daviz/OneDrive/Documentos/GitHub/VALEIRO_DAVID_FULLSTACK/Pec05/front/node_modules/vite/dist/node/chunks/node.js:8390:14)
      at normalizeUrl (file:///C:/Users/daviz/OneDrive/Documentos/GitHub/VALEIRO_DAVID_FULLSTACK/Pec05/front/node_modules/vite/dist/node/chunks/node.js:26058:18)
      at async file:///C:/Users/daviz/OneDrive/Documentos/GitHub/VALEIRO_DAVID_FULLSTACK/Pec05/front/node_modules/vite/dist/node/chunks/node.js:26128:30
      at async Promise.all (index 2)
      at async TransformPluginContext.transform (file:///C:/Users/daviz/OneDrive/Documentos/GitHub/VALEIRO_DAVID_FULLSTACK/Pec05/front/node_modules/vite/dist/node/chunks/node.js:26094:4)
      at async EnvironmentPluginContainer.transform (file:///C:/Users/daviz/OneDrive/Documentos/GitHub/VALEIRO_DAVID_FULLSTACK/Pec05/front/node_modules/vite/dist/node/chunks/node.js:8172:14)
      at async loadAndTransform (file:///C:/Users/daviz/OneDrive/Documentos/GitHub/VALEIRO_DAVID_FULLSTACK/Pec05/front/node_modules/vite/dist/node/chunks/node.js:19634:26)
[2m12:39:27[22m [31m[1m[vite][22m[39m [31m[2m(client)[22m[39m Pre-transform error: Failed to resolve import "../api" from "src/components/Navbar/Navbar.jsx". Does the file exist?
  Plugin: [35mvite:import-analysis[39m
  File: [36mC:/Users/daviz/OneDrive/Documentos/GitHub/VALEIRO_DAVID_FULLSTACK/Pec05/front/src/components/Navbar/Navbar.jsx[39m:3:27
[33m  1  |  import { useState } from "react";
  2  |  import { Link } from "react-router-dom";
  3  |  import { clearToken } from "../api";
     |                              ^
  4  |  var _jsxFileName = "C:/Users/daviz/OneDrive/Documentos/GitHub/VALEIRO_DAVID_FULLSTACK/Pec05/front/src/components/Navb...
  5  |  import { jsxDEV as _jsxDEV } from "react/jsx-dev-runtime";[39m
[2m12:39:27[22m [31m[1m[vite][22m[39m [31m[2m(client)[22m[39m Pre-transform error: Failed to resolve import "../api" from "src/components/Navbar/Navbar.jsx". Does the file exist?
  Plugin: [35mvite:import-analysis[39m
  File: [36mC:/Users/daviz/OneDrive/Documentos/GitHub/VALEIRO_DAVID_FULLSTACK/Pec05/front/src/components/Navbar/Navbar.jsx[39m:3:27
[33m  1  |  import { useState } from "react";
  2  |  import { Link } from "react-router-dom";
  3  |  import { clearToken } from "../api";
     |                              ^
  4  |  var _jsxFileName = "C:/Users/daviz/OneDrive/Documentos/GitHub/VALEIRO_DAVID_FULLSTACK/Pec05/front/src/components/Navb...
  5  |  import { jsxDEV as _jsxDEV } from "react/jsx-dev-runtime";[39m
[2m12:39:27[22m [31m[1m[vite][22m[39m [31m[2m(client)[22m[39m Pre-transform error: Failed to resolve import "../api" from "src/components/Navbar/Navbar.jsx". Does the file exist?
  Plugin: [35mvite:import-analysis[39m
  File: [36mC:/Users/daviz/OneDrive/Documentos/GitHub/VALEIRO_DAVID_FULLSTACK/Pec05/front/src/components/Navbar/Navbar.jsx[39m:3:27
[33m  1  |  import { useState } from "react";
  2  |  import { Link } from "react-router-dom";
  3  |  import { clearToken } from "../api";
     |                              ^
  4  |  var _jsxFileName = "C:/Users/daviz/OneDrive/Documentos/GitHub/VALEIRO_DAVID_FULLSTACK/Pec05/front/src/components/Navb...
  5  |  import { jsxDEV as _jsxDEV } from "react/jsx-dev-runtime";[39m
[2m12:39:27[22m [31m[1m[vite][22m[39m [31m[2m(client)[22m[39m Pre-transform error: Failed to resolve import "../api" from "src/components/Navbar/Navbar.jsx". Does the file exist?
  Plugin: [35mvite:import-analysis[39m
  File: [36mC:/Users/daviz/OneDrive/Documentos/GitHub/VALEIRO_DAVID_FULLSTACK/Pec05/front/src/components/Navbar/Navbar.jsx[39m:3:27
[33m  1  |  import { useState } from "react";
  2  |  import { Link } from "react-router-dom";
  3  |  import { clearToken } from "../api";
     |                              ^
  4  |  var _jsxFileName = "C:/Users/daviz/OneDrive/Documentos/GitHub/VALEIRO_DAVID_FULLSTACK/Pec05/front/src/components/Navb...
  5  |  import { jsxDEV as _jsxDEV } from "react/jsx-dev-runtime";[39m
[2m12:39:27[22m [31m[1m[vite][22m[39m [31m[2m(client)[22m[39m Pre-transform error: Failed to resolve import "../api" from "src/components/Navbar/Navbar.jsx". Does the file exist?
  Plugin: [35mvite:import-analysis[39m
  File: [36mC:/Users/daviz/OneDrive/Documentos/GitHub/VALEIRO_DAVID_FULLSTACK/Pec05/front/src/components/Navbar/Navbar.jsx[39m:3:27
[33m  1  |  import { useState } from "react";
  2  |  import { Link } from "react-router-dom";
  3  |  import { clearToken } from "../api";
     |                              ^
  4  |  var _jsxFileName = "C:/Users/daviz/OneDrive/Documentos/GitHub/VALEIRO_DAVID_FULLSTACK/Pec05/front/src/components/Navb...
  5  |  import { jsxDEV as _jsxDEV } from "react/jsx-dev-runtime";[39m
[2m12:39:27[22m [31m[1m[vite][22m[39m [31m[2m(client)[22m[39m Pre-transform error: Failed to resolve import "../api" from "src/components/Navbar/Navbar.jsx". Does the file exist?
  Plugin: [35mvite:import-analysis[39m
  File: [36mC:/Users/daviz/OneDrive/Documentos/GitHub/VALEIRO_DAVID_FULLSTACK/Pec05/front/src/components/Navbar/Navbar.jsx[39m:3:27
[33m  1  |  import { useState } from "react";
  2  |  import { Link } from "react-router-dom";
  3  |  import { clearToken } from "../api";
     |                              ^
  4  |  var _jsxFileName = "C:/Users/daviz/OneDrive/Documentos/GitHub/VALEIRO_DAVID_FULLSTACK/Pec05/front/src/components/Navb...
  5  |  import { jsxDEV as _jsxDEV } from "react/jsx-dev-runtime";[39m
[2m12:39:27[22m [31m[1m[vite][22m[39m [31m[2m(client)[22m[39m Pre-transform error: Failed to resolve import "../api" from "src/components/Navbar/Navbar.jsx". Does the file exist?
  Plugin: [35mvite:import-analysis[39m
  File: [36mC:/Users/daviz/OneDrive/Documentos/GitHub/VALEIRO_DAVID_FULLSTACK/Pec05/front/src/components/Navbar/Navbar.jsx[39m:3:27
[33m  1  |  import { useState } from "react";
  2  |  import { Link } from "react-router-dom";
  3  |  import { clearToken } from "../api";
     |                              ^
  4  |  var _jsxFileName = "C:/Users/daviz/OneDrive/Documentos/GitHub/VALEIRO_DAVID_FULLSTACK/Pec05/front/src/components/Navb...
  5  |  import { jsxDEV as _jsxDEV } from "react/jsx-dev-runtime";[39m
[2m12:39:27[22m [31m[1m[vite][22m[39m [31m[2m(client)[22m[39m Pre-transform error: Failed to resolve import "../api" from "src/components/Navbar/Navbar.jsx". Does the file exist?
  Plugin: [35mvite:import-analysis[39m
  File: [36mC:/Users/daviz/OneDrive/Documentos/GitHub/VALEIRO_DAVID_FULLSTACK/Pec05/front/src/components/Navbar/Navbar.jsx[39m:3:27
[33m  1  |  import { useState } from "react";
  2  |  import { Link } from "react-router-dom";
  3  |  import { clearToken } from "../api";
     |                              ^
  4  |  var _jsxFileName = "C:/Users/daviz/OneDrive/Documentos/GitHub/VALEIRO_DAVID_FULLSTACK/Pec05/front/src/components/Navb...
  5  |  import { jsxDEV as _jsxDEV } from "react/jsx-dev-runtime";[39m
[2m12:39:27[22m [31m[1m[vite][22m[39m [31m[2m(client)[22m[39m Pre-transform error: Failed to resolve import "../api" from "src/components/Navbar/Navbar.jsx". Does the file exist?
  Plugin: [35mvite:import-analysis[39m
  File: [36mC:/Users/daviz/OneDrive/Documentos/GitHub/VALEIRO_DAVID_FULLSTACK/Pec05/front/src/components/Navbar/Navbar.jsx[39m:3:27
[33m  1  |  import { useState } from "react";
  2  |  import { Link } from "react-router-dom";
  3  |  import { clearToken } from "../api";
     |                              ^
  4  |  var _jsxFileName = "C:/Users/daviz/OneDrive/Documentos/GitHub/VALEIRO_DAVID_FULLSTACK/Pec05/front/src/components/Navb...
  5  |  import { jsxDEV as _jsxDEV } from "react/jsx-dev-runtime";[39m
[2m12:39:27[22m [31m[1m[vite][22m[39m [31m[2m(client)[22m[39m Pre-transform error: Failed to resolve import "../api" from "src/components/Navbar/Navbar.jsx". Does the file exist?
  Plugin: [35mvite:import-analysis[39m
  File: [36mC:/Users/daviz/OneDrive/Documentos/GitHub/VALEIRO_DAVID_FULLSTACK/Pec05/front/src/components/Navbar/Navbar.jsx[39m:3:27
[33m  1  |  import { useState } from "react";
  2  |  import { Link } from "react-router-dom";
  3  |  import { clearToken } from "../api";
     |                              ^
  4  |  var _jsxFileName = "C:/Users/daviz/OneDrive/Documentos/GitHub/VALEIRO_DAVID_FULLSTACK/Pec05/front/src/components/Navb...
  5  |  import { jsxDEV as _jsxDEV } from "react/jsx-dev-runtime";[39m
[2m12:39:27[22m [31m[1m[vite][22m[39m [31m[2m(client)[22m[39m Pre-transform error: Failed to resolve import "../api" from "src/components/Navbar/Navbar.jsx". Does the file exist?
  Plugin: [35mvite:import-analysis[39m
  File: [36mC:/Users/daviz/OneDrive/Documentos/GitHub/VALEIRO_DAVID_FULLSTACK/Pec05/front/src/components/Navbar/Navbar.jsx[39m:3:27
[33m  1  |  import { useState } from "react";
  2  |  import { Link } from "react-router-dom";
  3  |  import { clearToken } from "../api";
     |                              ^
  4  |  var _jsxFileName = "C:/Users/daviz/OneDrive/Documentos/GitHub/VALEIRO_DAVID_FULLSTACK/Pec05/front/src/components/Navb...
  5  |  import { jsxDEV as _jsxDEV } from "react/jsx-dev-runtime";[39m
[2m12:39:27[22m [31m[1m[vite][22m[39m [31m[2m(client)[22m[39m Pre-transform error: Failed to resolve import "../api" from "src/components/Navbar/Navbar.jsx". Does the file exist?
  Plugin: [35mvite:import-analysis[39m
  File: [36mC:/Users/daviz/OneDrive/Documentos/GitHub/VALEIRO_DAVID_FULLSTACK/Pec05/front/src/components/Navbar/Navbar.jsx[39m:3:27
[33m  1  |  import { useState } from "react";
  2  |  import { Link } from "react-router-dom";
  3  |  import { clearToken } from "../api";
     |                              ^
  4  |  var _jsxFileName = "C:/Users/daviz/OneDrive/Documentos/GitHub/VALEIRO_DAVID_FULLSTACK/Pec05/front/src/components/Navb...
  5  |  import { jsxDEV as _jsxDEV } from "react/jsx-dev-runtime";[39m
[2m12:39:27[22m [31m[1m[vite][22m[39m [31m[2m(client)[22m[39m Pre-transform error: Failed to resolve import "../api" from "src/components/Navbar/Navbar.jsx". Does the file exist?
  Plugin: [35mvite:import-analysis[39m
  File: [36mC:/Users/daviz/OneDrive/Documentos/GitHub/VALEIRO_DAVID_FULLSTACK/Pec05/front/src/components/Navbar/Navbar.jsx[39m:3:27
[33m  1  |  import { useState } from "react";
  2  |  import { Link } from "react-router-dom";
  3  |  import { clearToken } from "../api";
     |                              ^
  4  |  var _jsxFileName = "C:/Users/daviz/OneDrive/Documentos/GitHub/VALEIRO_DAVID_FULLSTACK/Pec05/front/src/components/Navb...
  5  |  import { jsxDEV as _jsxDEV } from "react/jsx-dev-runtime";[39m
[2m12:39:27[22m [31m[1m[vite][22m[39m [31m[2m(client)[22m[39m Pre-transform error: Failed to resolve import "../api" from "src/components/Navbar/Navbar.jsx". Does the file exist?
  Plugin: [35mvite:import-analysis[39m
  File: [36mC:/Users/daviz/OneDrive/Documentos/GitHub/VALEIRO_DAVID_FULLSTACK/Pec05/front/src/components/Navbar/Navbar.jsx[39m:3:27
[33m  1  |  import { useState } from "react";
  2  |  import { Link } from "react-router-dom";
  3  |  import { clearToken } from "../api";
     |                              ^
  4  |  var _jsxFileName = "C:/Users/daviz/OneDrive/Documentos/GitHub/VALEIRO_DAVID_FULLSTACK/Pec05/front/src/components/Navb...
  5  |  import { jsxDEV as _jsxDEV } from "react/jsx-dev-runtime";[39m
[2m12:39:27[22m [31m[1m[vite][22m[39m [31m[2m(client)[22m[39m Pre-transform error: Failed to resolve import "../api" from "src/components/Navbar/Navbar.jsx". Does the file exist?
  Plugin: [35mvite:import-analysis[39m
  File: [36mC:/Users/daviz/OneDrive/Documentos/GitHub/VALEIRO_DAVID_FULLSTACK/Pec05/front/src/components/Navbar/Navbar.jsx[39m:3:27
[33m  1  |  import { useState } from "react";
  2  |  import { Link } from "react-router-dom";
  3  |  import { clearToken } from "../api";
     |                              ^
  4  |  var _jsxFileName = "C:/Users/daviz/OneDrive/Documentos/GitHub/VALEIRO_DAVID_FULLSTACK/Pec05/front/src/components/Navb...
  5  |  import { jsxDEV as _jsxDEV } from "react/jsx-dev-runtime";[39m
[2m12:39:27[22m [31m[1m[vite][22m[39m [31m[2m(client)[22m[39m Pre-transform error: Failed to resolve import "../api" from "src/components/Navbar/Navbar.jsx". Does the file exist?
  Plugin: [35mvite:import-analysis[39m
  File: [36mC:/Users/daviz/OneDrive/Documentos/GitHub/VALEIRO_DAVID_FULLSTACK/Pec05/front/src/components/Navbar/Navbar.jsx[39m:3:27
[33m  1  |  import { useState } from "react";
  2  |  import { Link } from "react-router-dom";
  3  |  import { clearToken } from "../api";
     |                              ^
  4  |  var _jsxFileName = "C:/Users/daviz/OneDrive/Documentos/GitHub/VALEIRO_DAVID_FULLSTACK/Pec05/front/src/components/Navb...
  5  |  import { jsxDEV as _jsxDEV } from "react/jsx-dev-runtime";[39m
[2m12:39:27[22m [31m[1m[vite][22m[39m [31m[2m(client)[22m[39m Pre-transform error: Failed to resolve import "../api" from "src/components/Navbar/Navbar.jsx". Does the file exist?
  Plugin: [35mvite:import-analysis[39m
  File: [36mC:/Users/daviz/OneDrive/Documentos/GitHub/VALEIRO_DAVID_FULLSTACK/Pec05/front/src/components/Navbar/Navbar.jsx[39m:3:27
[33m  1  |  import { useState } from "react";
  2  |  import { Link } from "react-router-dom";
  3  |  import { clearToken } from "../api";
     |                              ^
  4  |  var _jsxFileName = "C:/Users/daviz/OneDrive/Documentos/GitHub/VALEIRO_DAVID_FULLSTACK/Pec05/front/src/components/Navb...
  5  |  import { jsxDEV as _jsxDEV } from "react/jsx-dev-runtime";[39m
[2m12:39:27[22m [31m[1m[vite][22m[39m [31m[2m(client)[22m[39m Pre-transform error: Failed to resolve import "../api" from "src/components/Navbar/Navbar.jsx". Does the file exist?
  Plugin: [35mvite:import-analysis[39m
  File: [36mC:/Users/daviz/OneDrive/Documentos/GitHub/VALEIRO_DAVID_FULLSTACK/Pec05/front/src/components/Navbar/Navbar.jsx[39m:3:27
[33m  1  |  import { useState } from "react";
  2  |  import { Link } from "react-router-dom";
  3  |  import { clearToken } from "../api";
     |                              ^
  4  |  var _jsxFileName = "C:/Users/daviz/OneDrive/Documentos/GitHub/VALEIRO_DAVID_FULLSTACK/Pec05/front/src/components/Navb...
  5  |  import { jsxDEV as _jsxDEV } from "react/jsx-dev-runtime";[39m
[2m12:39:27[22m [31m[1m[vite][22m[39m [31m[2m(client)[22m[39m Pre-transform error: Failed to resolve import "../api" from "src/components/Navbar/Navbar.jsx". Does the file exist?
  Plugin: [35mvite:import-analysis[39m
  File: [36mC:/Users/daviz/OneDrive/Documentos/GitHub/VALEIRO_DAVID_FULLSTACK/Pec05/front/src/components/Navbar/Navbar.jsx[39m:3:27
[33m  1  |  import { useState } from "react";
  2  |  import { Link } from "react-router-dom";
  3  |  import { clearToken } from "../api";
     |                              ^
  4  |  var _jsxFileName = "C:/Users/daviz/OneDrive/Documentos/GitHub/VALEIRO_DAVID_FULLSTACK/Pec05/front/src/components/Navb...
  5  |  import { jsxDEV as _jsxDEV } from "react/jsx-dev-runtime";[39m
[2m12:39:27[22m [31m[1m[vite][22m[39m [31m[2m(client)[22m[39m Pre-transform error: Failed to resolve import "../api" from "src/components/Navbar/Navbar.jsx". Does the file exist?
  Plugin: [35mvite:import-analysis[39m
  File: [36mC:/Users/daviz/OneDrive/Documentos/GitHub/VALEIRO_DAVID_FULLSTACK/Pec05/front/src/components/Navbar/Navbar.jsx[39m:3:27
[33m  1  |  import { useState } from "react";
  2  |  import { Link } from "react-router-dom";
  3  |  import { clearToken } from "../api";
     |                              ^
  4  |  var _jsxFileName = "C:/Users/daviz/OneDrive/Documentos/GitHub/VALEIRO_DAVID_FULLSTACK/Pec05/front/src/components/Navb...
  5  |  import { jsxDEV as _jsxDEV } from "react/jsx-dev-runtime";[39m
[2m12:39:27[22m [31m[1m[vite][22m[39m [31m[2m(client)[22m[39m Pre-transform error: Failed to resolve import "../api" from "src/components/Navbar/Navbar.jsx". Does the file exist?
  Plugin: [35mvite:import-analysis[39m
  File: [36mC:/Users/daviz/OneDrive/Documentos/GitHub/VALEIRO_DAVID_FULLSTACK/Pec05/front/src/components/Navbar/Navbar.jsx[39m:3:27
[33m  1  |  import { useState } from "react";
  2  |  import { Link } from "react-router-dom";
  3  |  import { clearToken } from "../api";
     |                              ^
  4  |  var _jsxFileName = "C:/Users/daviz/OneDrive/Documentos/GitHub/VALEIRO_DAVID_FULLSTACK/Pec05/front/src/components/Navb...
  5  |  import { jsxDEV as _jsxDEV } from "react/jsx-dev-runtime";[39m
[2m12:39:27[22m [31m[1m[vite][22m[39m [31m[2m(client)[22m[39m Pre-transform error: Failed to resolve import "../api" from "src/components/Navbar/Navbar.jsx". Does the file exist?
  Plugin: [35mvite:import-analysis[39m
  File: [36mC:/Users/daviz/OneDrive/Documentos/GitHub/VALEIRO_DAVID_FULLSTACK/Pec05/front/src/components/Navbar/Navbar.jsx[39m:3:27
[33m  1  |  import { useState } from "react";
  2  |  import { Link } from "react-router-dom";
  3  |  import { clearToken } from "../api";
     |                              ^
  4  |  var _jsxFileName = "C:/Users/daviz/OneDrive/Documentos/GitHub/VALEIRO_DAVID_FULLSTACK/Pec05/front/src/components/Navb...
  5  |  import { jsxDEV as _jsxDEV } from "react/jsx-dev-runtime";[39m
[2m12:39:27[22m [31m[1m[vite][22m[39m [31m[2m(client)[22m[39m Pre-transform error: Failed to resolve import "../api" from "src/components/Navbar/Navbar.jsx". Does the file exist?
  Plugin: [35mvite:import-analysis[39m
  File: [36mC:/Users/daviz/OneDrive/Documentos/GitHub/VALEIRO_DAVID_FULLSTACK/Pec05/front/src/components/Navbar/Navbar.jsx[39m:3:27
[33m  1  |  import { useState } from "react";
  2  |  import { Link } from "react-router-dom";
  3  |  import { clearToken } from "../api";
     |                              ^
  4  |  var _jsxFileName = "C:/Users/daviz/OneDrive/Documentos/GitHub/VALEIRO_DAVID_FULLSTACK/Pec05/front/src/components/Navb...
  5  |  import { jsxDEV as _jsxDEV } from "react/jsx-dev-runtime";[39m
[2m12:39:27[22m [31m[1m[vite][22m[39m [31m[2m(client)[22m[39m Pre-transform error: Failed to resolve import "../api" from "src/components/Navbar/Navbar.jsx". Does the file exist?
  Plugin: [35mvite:import-analysis[39m
  File: [36mC:/Users/daviz/OneDrive/Documentos/GitHub/VALEIRO_DAVID_FULLSTACK/Pec05/front/src/components/Navbar/Navbar.jsx[39m:3:27
[33m  1  |  import { useState } from "react";
  2  |  import { Link } from "react-router-dom";
  3  |  import { clearToken } from "../api";
     |                              ^
  4  |  var _jsxFileName = "C:/Users/daviz/OneDrive/Documentos/GitHub/VALEIRO_DAVID_FULLSTACK/Pec05/front/src/components/Navb...
  5  |  import { jsxDEV as _jsxDEV } from "react/jsx-dev-runtime";[39m
[2m12:39:27[22m [31m[1m[vite][22m[39m [31m[2m(client)[22m[39m Pre-transform error: Failed to resolve import "../api" from "src/components/Navbar/Navbar.jsx". Does the file exist?
  Plugin: [35mvite:import-analysis[39m
  File: [36mC:/Users/daviz/OneDrive/Documentos/GitHub/VALEIRO_DAVID_FULLSTACK/Pec05/front/src/components/Navbar/Navbar.jsx[39m:3:27
[33m  1  |  import { useState } from "react";
  2  |  import { Link } from "react-router-dom";
  3  |  import { clearToken } from "../api";
     |                              ^
  4  |  var _jsxFileName = "C:/Users/daviz/OneDrive/Documentos/GitHub/VALEIRO_DAVID_FULLSTACK/Pec05/front/src/components/Navb...
  5  |  import { jsxDEV as _jsxDEV } from "react/jsx-dev-runtime";[39m
[2m12:39:27[22m [31m[1m[vite][22m[39m [31m[2m(client)[22m[39m Pre-transform error: Failed to resolve import "../api" from "src/components/Navbar/Navbar.jsx". Does the file exist?
  Plugin: [35mvite:import-analysis[39m
  File: [36mC:/Users/daviz/OneDrive/Documentos/GitHub/VALEIRO_DAVID_FULLSTACK/Pec05/front/src/components/Navbar/Navbar.jsx[39m:3:27
[33m  1  |  import { useState } from "react";
  2  |  import { Link } from "react-router-dom";
  3  |  import { clearToken } from "../api";
     |                              ^
  4  |  var _jsxFileName = "C:/Users/daviz/OneDrive/Documentos/GitHub/VALEIRO_DAVID_FULLSTACK/Pec05/front/src/components/Navb...
  5  |  import { jsxDEV as _jsxDEV } from "react/jsx-dev-runtime";[39m
[2m12:39:27[22m [31m[1m[vite][22m[39m [31m[2m(client)[22m[39m Pre-transform error: Failed to resolve import "../api" from "src/components/Navbar/Navbar.jsx". Does the file exist?
  Plugin: [35mvite:import-analysis[39m
  File: [36mC:/Users/daviz/OneDrive/Documentos/GitHub/VALEIRO_DAVID_FULLSTACK/Pec05/front/src/components/Navbar/Navbar.jsx[39m:3:27
[33m  1  |  import { useState } from "react";
  2  |  import { Link } from "react-router-dom";
  3  |  import { clearToken } from "../api";
     |                              ^
  4  |  var _jsxFileName = "C:/Users/daviz/OneDrive/Documentos/GitHub/VALEIRO_DAVID_FULLSTACK/Pec05/front/src/components/Navb...
  5  |  import { jsxDEV as _jsxDEV } from "react/jsx-dev-runtime";[39m
[2m12:39:27[22m [31m[1m[vite][22m[39m [31m[2m(client)[22m[39m Pre-transform error: Failed to resolve import "../api" from "src/components/Navbar/Navbar.jsx". Does the file exist?
  Plugin: [35mvite:import-analysis[39m
  File: [36mC:/Users/daviz/OneDrive/Documentos/GitHub/VALEIRO_DAVID_FULLSTACK/Pec05/front/src/components/Navbar/Navbar.jsx[39m:3:27
[33m  1  |  import { useState } from "react";
  2  |  import { Link } from "react-router-dom";
  3  |  import { clearToken } from "../api";
     |                              ^
  4  |  var _jsxFileName = "C:/Users/daviz/OneDrive/Documentos/GitHub/VALEIRO_DAVID_FULLSTACK/Pec05/front/src/components/Navb...
  5  |  import { jsxDEV as _jsxDEV } from "react/jsx-dev-runtime";[39m
[2m12:39:27[22m [31m[1m[vite][22m[39m [31m[2m(client)[22m[39m Pre-transform error: Failed to resolve import "../api" from "src/components/Navbar/Navbar.jsx". Does the file exist?
  Plugin: [35mvite:import-analysis[39m
  File: [36mC:/Users/daviz/OneDrive/Documentos/GitHub/VALEIRO_DAVID_FULLSTACK/Pec05/front/src/components/Navbar/Navbar.jsx[39m:3:27
[33m  1  |  import { useState } from "react";
  2  |  import { Link } from "react-router-dom";
  3  |  import { clearToken } from "../api";
     |                              ^
  4  |  var _jsxFileName = "C:/Users/daviz/OneDrive/Documentos/GitHub/VALEIRO_DAVID_FULLSTACK/Pec05/front/src/components/Navb...
  5  |  import { jsxDEV as _jsxDEV } from "react/jsx-dev-runtime";[39m
[2m12:39:27[22m [31m[1m[vite][22m[39m [31m[2m(client)[22m[39m Pre-transform error: Failed to resolve import "../api" from "src/components/Navbar/Navbar.jsx". Does the file exist?
  Plugin: [35mvite:import-analysis[39m
  File: [36mC:/Users/daviz/OneDrive/Documentos/GitHub/VALEIRO_DAVID_FULLSTACK/Pec05/front/src/components/Navbar/Navbar.jsx[39m:3:27
[33m  1  |  import { useState } from "react";
  2  |  import { Link } from "react-router-dom";
  3  |  import { clearToken } from "../api";
     |                              ^
  4  |  var _jsxFileName = "C:/Users/daviz/OneDrive/Documentos/GitHub/VALEIRO_DAVID_FULLSTACK/Pec05/front/src/components/Navb...
  5  |  import { jsxDEV as _jsxDEV } from "react/jsx-dev-runtime";[39m
[2m12:39:27[22m [31m[1m[vite][22m[39m [31m[2m(client)[22m[39m Pre-transform error: Failed to resolve import "../api" from "src/components/Navbar/Navbar.jsx". Does the file exist?
  Plugin: [35mvite:import-analysis[39m
  File: [36mC:/Users/daviz/OneDrive/Documentos/GitHub/VALEIRO_DAVID_FULLSTACK/Pec05/front/src/components/Navbar/Navbar.jsx[39m:3:27
[33m  1  |  import { useState } from "react";
  2  |  import { Link } from "react-router-dom";
  3  |  import { clearToken } from "../api";
     |                              ^
  4  |  var _jsxFileName = "C:/Users/daviz/OneDrive/Documentos/GitHub/VALEIRO_DAVID_FULLSTACK/Pec05/front/src/components/Navb...
  5  |  import { jsxDEV as _jsxDEV } from "react/jsx-dev-runtime";[39m
[2m12:39:27[22m [31m[1m[vite][22m[39m [31m[2m(client)[22m[39m Pre-transform error: Failed to resolve import "../api" from "src/components/Navbar/Navbar.jsx". Does the file exist?
  Plugin: [35mvite:import-analysis[39m
  File: [36mC:/Users/daviz/OneDrive/Documentos/GitHub/VALEIRO_DAVID_FULLSTACK/Pec05/front/src/components/Navbar/Navbar.jsx[39m:3:27
[33m  1  |  import { useState } from "react";
  2  |  import { Link } from "react-router-dom";
  3  |  import { clearToken } from "../api";
     |                              ^
  4  |  var _jsxFileName = "C:/Users/daviz/OneDrive/Documentos/GitHub/VALEIRO_DAVID_FULLSTACK/Pec05/front/src/components/Navb...
  5  |  import { jsxDEV as _jsxDEV } from "react/jsx-dev-runtime";[39m
[2m12:39:27[22m [31m[1m[vite][22m[39m [31m[2m(client)[22m[39m Pre-transform error: Failed to resolve import "../api" from "src/components/Navbar/Navbar.jsx". Does the file exist?
  Plugin: [35mvite:import-analysis[39m
  File: [36mC:/Users/daviz/OneDrive/Documentos/GitHub/VALEIRO_DAVID_FULLSTACK/Pec05/front/src/components/Navbar/Navbar.jsx[39m:3:27
[33m  1  |  import { useState } from "react";
  2  |  import { Link } from "react-router-dom";
  3  |  import { clearToken } from "../api";
     |                              ^
  4  |  var _jsxFileName = "C:/Users/daviz/OneDrive/Documentos/GitHub/VALEIRO_DAVID_FULLSTACK/Pec05/front/src/components/Navb...
  5  |  import { jsxDEV as _jsxDEV } from "react/jsx-dev-runtime";[39m
[2m12:39:27[22m [31m[1m[vite][22m[39m [31m[2m(client)[22m[39m Pre-transform error: Failed to resolve import "../api" from "src/components/Navbar/Navbar.jsx". Does the file exist?
  Plugin: [35mvite:import-analysis[39m
  File: [36mC:/Users/daviz/OneDrive/Documentos/GitHub/VALEIRO_DAVID_FULLSTACK/Pec05/front/src/components/Navbar/Navbar.jsx[39m:3:27
[33m  1  |  import { useState } from "react";
  2  |  import { Link } from "react-router-dom";
  3  |  import { clearToken } from "../api";
     |                              ^
  4  |  var _jsxFileName = "C:/Users/daviz/OneDrive/Documentos/GitHub/VALEIRO_DAVID_FULLSTACK/Pec05/front/src/components/Navb...
  5  |  import { jsxDEV as _jsxDEV } from "react/jsx-dev-runtime";[39m
[2m12:39:27[22m [31m[1m[vite][22m[39m [31m[2m(client)[22m[39m Pre-transform error: Failed to resolve import "../api" from "src/components/Navbar/Navbar.jsx". Does the file exist?
  Plugin: [35mvite:import-analysis[39m
  File: [36mC:/Users/daviz/OneDrive/Documentos/GitHub/VALEIRO_DAVID_FULLSTACK/Pec05/front/src/components/Navbar/Navbar.jsx[39m:3:27
[33m  1  |  import { useState } from "react";
  2  |  import { Link } from "react-router-dom";
  3  |  import { clearToken } from "../api";
     |                              ^
  4  |  var _jsxFileName = "C:/Users/daviz/OneDrive/Documentos/GitHub/VALEIRO_DAVID_FULLSTACK/Pec05/front/src/components/Navb...
  5  |  import { jsxDEV as _jsxDEV } from "react/jsx-dev-runtime";[39m
[2m12:39:27[22m [31m[1m[vite][22m[39m [31m[2m(client)[22m[39m Pre-transform error: Failed to resolve import "../api" from "src/components/Navbar/Navbar.jsx". Does the file exist?
  Plugin: [35mvite:import-analysis[39m
  File: [36mC:/Users/daviz/OneDrive/Documentos/GitHub/VALEIRO_DAVID_FULLSTACK/Pec05/front/src/components/Navbar/Navbar.jsx[39m:3:27
[33m  1  |  import { useState } from "react";
  2  |  import { Link } from "react-router-dom";
  3  |  import { clearToken } from "../api";
     |                              ^
  4  |  var _jsxFileName = "C:/Users/daviz/OneDrive/Documentos/GitHub/VALEIRO_DAVID_FULLSTACK/Pec05/front/src/components/Navb...
  5  |  import { jsxDEV as _jsxDEV } from "react/jsx-dev-runtime";[39m
[2m12:39:27[22m [31m[1m[vite][22m[39m [31m[2m(client)[22m[39m Pre-transform error: Failed to resolve import "../api" from "src/components/Navbar/Navbar.jsx". Does the file exist?
  Plugin: [35mvite:import-analysis[39m
  File: [36mC:/Users/daviz/OneDrive/Documentos/GitHub/VALEIRO_DAVID_FULLSTACK/Pec05/front/src/components/Navbar/Navbar.jsx[39m:3:27
[33m  1  |  import { useState } from "react";
  2  |  import { Link } from "react-router-dom";
  3  |  import { clearToken } from "../api";
     |                              ^
  4  |  var _jsxFileName = "C:/Users/daviz/OneDrive/Documentos/GitHub/VALEIRO_DAVID_FULLSTACK/Pec05/front/src/components/Navb...
  5  |  import { jsxDEV as _jsxDEV } from "react/jsx-dev-runtime";[39m
[2m12:39:27[22m [31m[1m[vite][22m[39m [31m[2m(client)[22m[39m Pre-transform error: Failed to resolve import "../api" from "src/components/Navbar/Navbar.jsx". Does the file exist?
  Plugin: [35mvite:import-analysis[39m
  File: [36mC:/Users/daviz/OneDrive/Documentos/GitHub/VALEIRO_DAVID_FULLSTACK/Pec05/front/src/components/Navbar/Navbar.jsx[39m:3:27
[33m  1  |  import { useState } from "react";
  2  |  import { Link } from "react-router-dom";
  3  |  import { clearToken } from "../api";
     |                              ^
  4  |  var _jsxFileName = "C:/Users/daviz/OneDrive/Documentos/GitHub/VALEIRO_DAVID_FULLSTACK/Pec05/front/src/components/Navb...
  5  |  import { jsxDEV as _jsxDEV } from "react/jsx-dev-runtime";[39m
[2m12:39:27[22m [31m[1m[vite][22m[39m [31m[2m(client)[22m[39m Pre-transform error: Failed to resolve import "../api" from "src/components/Navbar/Navbar.jsx". Does the file exist?
  Plugin: [35mvite:import-analysis[39m
  File: [36mC:/Users/daviz/OneDrive/Documentos/GitHub/VALEIRO_DAVID_FULLSTACK/Pec05/front/src/components/Navbar/Navbar.jsx[39m:3:27
[33m  1  |  import { useState } from "react";
  2  |  import { Link } from "react-router-dom";
  3  |  import { clearToken } from "../api";
     |                              ^
  4  |  var _jsxFileName = "C:/Users/daviz/OneDrive/Documentos/GitHub/VALEIRO_DAVID_FULLSTACK/Pec05/front/src/components/Navb...
  5  |  import { jsxDEV as _jsxDEV } from "react/jsx-dev-runtime";[39m
[2m12:39:27[22m [31m[1m[vite][22m[39m [31m[2m(client)[22m[39m Pre-transform error: Failed to resolve import "../api" from "src/components/Navbar/Navbar.jsx". Does the file exist?
  Plugin: [35mvite:import-analysis[39m
  File: [36mC:/Users/daviz/OneDrive/Documentos/GitHub/VALEIRO_DAVID_FULLSTACK/Pec05/front/src/components/Navbar/Navbar.jsx[39m:3:27
[33m  1  |  import { useState } from "react";
  2  |  import { Link } from "react-router-dom";
  3  |  import { clearToken } from "../api";
     |                              ^
  4  |  var _jsxFileName = "C:/Users/daviz/OneDrive/Documentos/GitHub/VALEIRO_DAVID_FULLSTACK/Pec05/front/src/components/Navb...
  5  |  import { jsxDEV as _jsxDEV } from "react/jsx-dev-runtime";[39m
[2m12:39:27[22m [31m[1m[vite][22m[39m [31m[2m(client)[22m[39m Pre-transform error: Failed to resolve import "../api" from "src/components/Navbar/Navbar.jsx". Does the file exist?
  Plugin: [35mvite:import-analysis[39m
  File: [36mC:/Users/daviz/OneDrive/Documentos/GitHub/VALEIRO_DAVID_FULLSTACK/Pec05/front/src/components/Navbar/Navbar.jsx[39m:3:27
[33m  1  |  import { useState } from "react";
  2  |  import { Link } from "react-router-dom";
  3  |  import { clearToken } from "../api";
     |                              ^
  4  |  var _jsxFileName = "C:/Users/daviz/OneDrive/Documentos/GitHub/VALEIRO_DAVID_FULLSTACK/Pec05/front/src/components/Navb...
  5  |  import { jsxDEV as _jsxDEV } from "react/jsx-dev-runtime";[39m
[2m12:39:27[22m [31m[1m[vite][22m[39m [31m[2m(client)[22m[39m Pre-transform error: Failed to resolve import "../api" from "src/components/Navbar/Navbar.jsx". Does the file exist?
  Plugin: [35mvite:import-analysis[39m
  File: [36mC:/Users/daviz/OneDrive/Documentos/GitHub/VALEIRO_DAVID_FULLSTACK/Pec05/front/src/components/Navbar/Navbar.jsx[39m:3:27
[33m  1  |  import { useState } from "react";
  2  |  import { Link } from "react-router-dom";
  3  |  import { clearToken } from "../api";
     |                              ^
  4  |  var _jsxFileName = "C:/Users/daviz/OneDrive/Documentos/GitHub/VALEIRO_DAVID_FULLSTACK/Pec05/front/src/components/Navb...
  5  |  import { jsxDEV as _jsxDEV } from "react/jsx-dev-runtime";[39m
[2m12:39:27[22m [31m[1m[vite][22m[39m [31m[2m(client)[22m[39m Pre-transform error: Failed to resolve import "../api" from "src/components/Navbar/Navbar.jsx". Does the file exist?
  Plugin: [35mvite:import-analysis[39m
  File: [36mC:/Users/daviz/OneDrive/Documentos/GitHub/VALEIRO_DAVID_FULLSTACK/Pec05/front/src/components/Navbar/Navbar.jsx[39m:3:27
[33m  1  |  import { useState } from "react";
  2  |  import { Link } from "react-router-dom";
  3  |  import { clearToken } from "../api";
     |                              ^
  4  |  var _jsxFileName = "C:/Users/daviz/OneDrive/Documentos/GitHub/VALEIRO_DAVID_FULLSTACK/Pec05/front/src/components/Navb...
  5  |  import { jsxDEV as _jsxDEV } from "react/jsx-dev-runtime";[39m
[2m12:39:27[22m [31m[1m[vite][22m[39m [31m[2m(client)[22m[39m Pre-transform error: Failed to resolve import "../api" from "src/components/Navbar/Navbar.jsx". Does the file exist?
  Plugin: [35mvite:import-analysis[39m
  File: [36mC:/Users/daviz/OneDrive/Documentos/GitHub/VALEIRO_DAVID_FULLSTACK/Pec05/front/src/components/Navbar/Navbar.jsx[39m:3:27
[33m  1  |  import { useState } from "react";
  2  |  import { Link } from "react-router-dom";
  3  |  import { clearToken } from "../api";
     |                              ^
  4  |  var _jsxFileName = "C:/Users/daviz/OneDrive/Documentos/GitHub/VALEIRO_DAVID_FULLSTACK/Pec05/front/src/components/Navb...
  5  |  import { jsxDEV as _jsxDEV } from "react/jsx-dev-runtime";[39m
[2m12:39:27[22m [31m[1m[vite][22m[39m [31m[2m(client)[22m[39m Pre-transform error: Failed to resolve import "../api" from "src/components/Navbar/Navbar.jsx". Does the file exist?
  Plugin: [35mvite:import-analysis[39m
  File: [36mC:/Users/daviz/OneDrive/Documentos/GitHub/VALEIRO_DAVID_FULLSTACK/Pec05/front/src/components/Navbar/Navbar.jsx[39m:3:27
[33m  1  |  import { useState } from "react";
  2  |  import { Link } from "react-router-dom";
  3  |  import { clearToken } from "../api";
     |                              ^
  4  |  var _jsxFileName = "C:/Users/daviz/OneDrive/Documentos/GitHub/VALEIRO_DAVID_FULLSTACK/Pec05/front/src/components/Navb...
  5  |  import { jsxDEV as _jsxDEV } from "react/jsx-dev-runtime";[39m
[2m12:39:27[22m [31m[1m[vite][22m[39m [31m[2m(client)[22m[39m Pre-transform error: Failed to resolve import "../api" from "src/components/Navbar/Navbar.jsx". Does the file exist?
  Plugin: [35mvite:import-analysis[39m
  File: [36mC:/Users/daviz/OneDrive/Documentos/GitHub/VALEIRO_DAVID_FULLSTACK/Pec05/front/src/components/Navbar/Navbar.jsx[39m:3:27
[33m  1  |  import { useState } from "react";
  2  |  import { Link } from "react-router-dom";
  3  |  import { clearToken } from "../api";
     |                              ^
  4  |  var _jsxFileName = "C:/Users/daviz/OneDrive/Documentos/GitHub/VALEIRO_DAVID_FULLSTACK/Pec05/front/src/components/Navb...
  5  |  import { jsxDEV as _jsxDEV } from "react/jsx-dev-runtime";[39m
[2m12:39:27[22m [31m[1m[vite][22m[39m [31m[2m(client)[22m[39m Pre-transform error: Failed to resolve import "../api" from "src/components/Navbar/Navbar.jsx". Does the file exist?
  Plugin: [35mvite:import-analysis[39m
  File: [36mC:/Users/daviz/OneDrive/Documentos/GitHub/VALEIRO_DAVID_FULLSTACK/Pec05/front/src/components/Navbar/Navbar.jsx[39m:3:27
[33m  1  |  import { useState } from "react";
  2  |  import { Link } from "react-router-dom";
  3  |  import { clearToken } from "../api";
     |                              ^
  4  |  var _jsxFileName = "C:/Users/daviz/OneDrive/Documentos/GitHub/VALEIRO_DAVID_FULLSTACK/Pec05/front/src/components/Navb...
  5  |  import { jsxDEV as _jsxDEV } from "react/jsx-dev-runtime";[39m
[2m12:39:27[22m [31m[1m[vite][22m[39m [31m[2m(client)[22m[39m Pre-transform error: Failed to resolve import "../api" from "src/components/Navbar/Navbar.jsx". Does the file exist?
  Plugin: [35mvite:import-analysis[39m
  File: [36mC:/Users/daviz/OneDrive/Documentos/GitHub/VALEIRO_DAVID_FULLSTACK/Pec05/front/src/components/Navbar/Navbar.jsx[39m:3:27
[33m  1  |  import { useState } from "react";
  2  |  import { Link } from "react-router-dom";
  3  |  import { clearToken } from "../api";
     |                              ^
  4  |  var _jsxFileName = "C:/Users/daviz/OneDrive/Documentos/GitHub/VALEIRO_DAVID_FULLSTACK/Pec05/front/src/components/Navb...
  5  |  import { jsxDEV as _jsxDEV } from "react/jsx-dev-runtime";[39m
[2m12:39:27[22m [31m[1m[vite][22m[39m [31m[2m(client)[22m[39m Pre-transform error: Failed to resolve import "../api" from "src/components/Navbar/Navbar.jsx". Does the file exist?
  Plugin: [35mvite:import-analysis[39m
  File: [36mC:/Users/daviz/OneDrive/Documentos/GitHub/VALEIRO_DAVID_FULLSTACK/Pec05/front/src/components/Navbar/Navbar.jsx[39m:3:27
[33m  1  |  import { useState } from "react";
  2  |  import { Link } from "react-router-dom";
  3  |  import { clearToken } from "../api";
     |                              ^
  4  |  var _jsxFileName = "C:/Users/daviz/OneDrive/Documentos/GitHub/VALEIRO_DAVID_FULLSTACK/Pec05/front/src/components/Navb...
  5  |  import { jsxDEV as _jsxDEV } from "react/jsx-dev-runtime";[39m
[2m12:39:27[22m [31m[1m[vite][22m[39m [31m[2m(client)[22m[39m Pre-transform error: Failed to resolve import "../api" from "src/components/Navbar/Navbar.jsx". Does the file exist?
  Plugin: [35mvite:import-analysis[39m
  File: [36mC:/Users/daviz/OneDrive/Documentos/GitHub/VALEIRO_DAVID_FULLSTACK/Pec05/front/src/components/Navbar/Navbar.jsx[39m:3:27
[33m  1  |  import { useState } from "react";
  2  |  import { Link } from "react-router-dom";
  3  |  import { clearToken } from "../api";
     |                              ^
  4  |  var _jsxFileName = "C:/Users/daviz/OneDrive/Documentos/GitHub/VALEIRO_DAVID_FULLSTACK/Pec05/front/src/components/Navb...
  5  |  import { jsxDEV as _jsxDEV } from "react/jsx-dev-runtime";[39m
[2m12:39:27[22m [31m[1m[vite][22m[39m [31m[2m(client)[22m[39m Pre-transform error: Failed to resolve import "../api" from "src/components/Navbar/Navbar.jsx". Does the file exist?
  Plugin: [35mvite:import-analysis[39m
  File: [36mC:/Users/daviz/OneDrive/Documentos/GitHub/VALEIRO_DAVID_FULLSTACK/Pec05/front/src/components/Navbar/Navbar.jsx[39m:3:27
[33m  1  |  import { useState } from "react";
  2  |  import { Link } from "react-router-dom";
  3  |  import { clearToken } from "../api";
     |                              ^
  4  |  var _jsxFileName = "C:/Users/daviz/OneDrive/Documentos/GitHub/VALEIRO_DAVID_FULLSTACK/Pec05/front/src/components/Navb...
  5  |  import { jsxDEV as _jsxDEV } from "react/jsx-dev-runtime";[39m
[2m12:39:27[22m [31m[1m[vite][22m[39m [31m[2m(client)[22m[39m Pre-transform error: Failed to resolve import "../api" from "src/components/Navbar/Navbar.jsx". Does the file exist?
  Plugin: [35mvite:import-analysis[39m
  File: [36mC:/Users/daviz/OneDrive/Documentos/GitHub/VALEIRO_DAVID_FULLSTACK/Pec05/front/src/components/Navbar/Navbar.jsx[39m:3:27
[33m  1  |  import { useState } from "react";
  2  |  import { Link } from "react-router-dom";
  3  |  import { clearToken } from "../api";
     |                              ^
  4  |  var _jsxFileName = "C:/Users/daviz/OneDrive/Documentos/GitHub/VALEIRO_DAVID_FULLSTACK/Pec05/front/src/components/Navb...
  5  |  import { jsxDEV as _jsxDEV } from "react/jsx-dev-runtime";[39m
[2m12:39:27[22m [31m[1m[vite][22m[39m [31m[2m(client)[22m[39m Pre-transform error: Failed to resolve import "../api" from "src/components/Navbar/Navbar.jsx". Does the file exist?
  Plugin: [35mvite:import-analysis[39m
  File: [36mC:/Users/daviz/OneDrive/Documentos/GitHub/VALEIRO_DAVID_FULLSTACK/Pec05/front/src/components/Navbar/Navbar.jsx[39m:3:27
[33m  1  |  import { useState } from "react";
  2  |  import { Link } from "react-router-dom";
  3  |  import { clearToken } from "../api";
     |                              ^
  4  |  var _jsxFileName = "C:/Users/daviz/OneDrive/Documentos/GitHub/VALEIRO_DAVID_FULLSTACK/Pec05/front/src/components/Navb...
  5  |  import { jsxDEV as _jsxDEV } from "react/jsx-dev-runtime";[39m
[2m12:39:27[22m [31m[1m[vite][22m[39m [31m[2m(client)[22m[39m Pre-transform error: Failed to resolve import "../api" from "src/components/Navbar/Navbar.jsx". Does the file exist?
  Plugin: [35mvite:import-analysis[39m
  File: [36mC:/Users/daviz/OneDrive/Documentos/GitHub/VALEIRO_DAVID_FULLSTACK/Pec05/front/src/components/Navbar/Navbar.jsx[39m:3:27
[33m  1  |  import { useState } from "react";
  2  |  import { Link } from "react-router-dom";
  3  |  import { clearToken } from "../api";
     |                              ^
  4  |  var _jsxFileName = "C:/Users/daviz/OneDrive/Documentos/GitHub/VALEIRO_DAVID_FULLSTACK/Pec05/front/src/components/Navb...
  5  |  import { jsxDEV as _jsxDEV } from "react/jsx-dev-runtime";[39m
[2m12:39:27[22m [31m[1m[vite][22m[39m [31m[2m(client)[22m[39m Pre-transform error: Failed to resolve import "../api" from "src/components/Navbar/Navbar.jsx". Does the file exist?
  Plugin: [35mvite:import-analysis[39m
  File: [36mC:/Users/daviz/OneDrive/Documentos/GitHub/VALEIRO_DAVID_FULLSTACK/Pec05/front/src/components/Navbar/Navbar.jsx[39m:3:27
[33m  1  |  import { useState } from "react";
  2  |  import { Link } from "react-router-dom";
  3  |  import { clearToken } from "../api";
     |                              ^
  4  |  var _jsxFileName = "C:/Users/daviz/OneDrive/Documentos/GitHub/VALEIRO_DAVID_FULLSTACK/Pec05/front/src/components/Navb...
  5  |  import { jsxDEV as _jsxDEV } from "react/jsx-dev-runtime";[39m
[2m12:39:27[22m [31m[1m[vite][22m[39m [31m[2m(client)[22m[39m Pre-transform error: Failed to resolve import "../api" from "src/components/Navbar/Navbar.jsx". Does the file exist?
  Plugin: [35mvite:import-analysis[39m
  File: [36mC:/Users/daviz/OneDrive/Documentos/GitHub/VALEIRO_DAVID_FULLSTACK/Pec05/front/src/components/Navbar/Navbar.jsx[39m:3:27
[33m  1  |  import { useState } from "react";
  2  |  import { Link } from "react-router-dom";
  3  |  import { clearToken } from "../api";
     |                              ^
  4  |  var _jsxFileName = "C:/Users/daviz/OneDrive/Documentos/GitHub/VALEIRO_DAVID_FULLSTACK/Pec05/front/src/components/Navb...
  5  |  import { jsxDEV as _jsxDEV } from "react/jsx-dev-runtime";[39m
[2m12:39:27[22m [31m[1m[vite][22m[39m [31m[2m(client)[22m[39m Pre-transform error: Failed to resolve import "../api" from "src/components/Navbar/Navbar.jsx". Does the file exist?
  Plugin: [35mvite:import-analysis[39m
  File: [36mC:/Users/daviz/OneDrive/Documentos/GitHub/VALEIRO_DAVID_FULLSTACK/Pec05/front/src/components/Navbar/Navbar.jsx[39m:3:27
[33m  1  |  import { useState } from "react";
  2  |  import { Link } from "react-router-dom";
  3  |  import { clearToken } from "../api";
     |                              ^
  4  |  var _jsxFileName = "C:/Users/daviz/OneDrive/Documentos/GitHub/VALEIRO_DAVID_FULLSTACK/Pec05/front/src/components/Navb...
  5  |  import { jsxDEV as _jsxDEV } from "react/jsx-dev-runtime";[39m
[2m12:39:27[22m [31m[1m[vite][22m[39m [31m[2m(client)[22m[39m Pre-transform error: Failed to resolve import "../api" from "src/components/Navbar/Navbar.jsx". Does the file exist?
  Plugin: [35mvite:import-analysis[39m
  File: [36mC:/Users/daviz/OneDrive/Documentos/GitHub/VALEIRO_DAVID_FULLSTACK/Pec05/front/src/components/Navbar/Navbar.jsx[39m:3:27
[33m  1  |  import { useState } from "react";
  2  |  import { Link } from "react-router-dom";
  3  |  import { clearToken } from "../api";
     |                              ^
  4  |  var _jsxFileName = "C:/Users/daviz/OneDrive/Documentos/GitHub/VALEIRO_DAVID_FULLSTACK/Pec05/front/src/components/Navb...
  5  |  import { jsxDEV as _jsxDEV } from "react/jsx-dev-runtime";[39m
[2m12:39:27[22m [31m[1m[vite][22m[39m [31m[2m(client)[22m[39m Pre-transform error: Failed to resolve import "../api" from "src/components/Navbar/Navbar.jsx". Does the file exist?
  Plugin: [35mvite:import-analysis[39m
  File: [36mC:/Users/daviz/OneDrive/Documentos/GitHub/VALEIRO_DAVID_FULLSTACK/Pec05/front/src/components/Navbar/Navbar.jsx[39m:3:27
[33m  1  |  import { useState } from "react";
  2  |  import { Link } from "react-router-dom";
  3  |  import { clearToken } from "../api";
     |                              ^
  4  |  var _jsxFileName = "C:/Users/daviz/OneDrive/Documentos/GitHub/VALEIRO_DAVID_FULLSTACK/Pec05/front/src/components/Navb...
  5  |  import { jsxDEV as _jsxDEV } from "react/jsx-dev-runtime";[39m
[2m12:39:27[22m [31m[1m[vite][22m[39m [31m[2m(client)[22m[39m Pre-transform error: Failed to resolve import "../api" from "src/components/Navbar/Navbar.jsx". Does the file exist?
  Plugin: [35mvite:import-analysis[39m
  File: [36mC:/Users/daviz/OneDrive/Documentos/GitHub/VALEIRO_DAVID_FULLSTACK/Pec05/front/src/components/Navbar/Navbar.jsx[39m:3:27
[33m  1  |  import { useState } from "react";
  2  |  import { Link } from "react-router-dom";
  3  |  import { clearToken } from "../api";
     |                              ^
  4  |  var _jsxFileName = "C:/Users/daviz/OneDrive/Documentos/GitHub/VALEIRO_DAVID_FULLSTACK/Pec05/front/src/components/Navb...
  5  |  import { jsxDEV as _jsxDEV } from "react/jsx-dev-runtime";[39m
[2m12:39:27[22m [31m[1m[vite][22m[39m [31m[2m(client)[22m[39m Pre-transform error: Failed to resolve import "../api" from "src/components/Navbar/Navbar.jsx". Does the file exist?
  Plugin: [35mvite:import-analysis[39m
  File: [36mC:/Users/daviz/OneDrive/Documentos/GitHub/VALEIRO_DAVID_FULLSTACK/Pec05/front/src/components/Navbar/Navbar.jsx[39m:3:27
[33m  1  |  import { useState } from "react";
  2  |  import { Link } from "react-router-dom";
  3  |  import { clearToken } from "../api";
     |                              ^
  4  |  var _jsxFileName = "C:/Users/daviz/OneDrive/Documentos/GitHub/VALEIRO_DAVID_FULLSTACK/Pec05/front/src/components/Navb...
  5  |  import { jsxDEV as _jsxDEV } from "react/jsx-dev-runtime";[39m
[2m12:39:27[22m [31m[1m[vite][22m[39m [31m[2m(client)[22m[39m Pre-transform error: Failed to resolve import "../api" from "src/components/Navbar/Navbar.jsx". Does the file exist?
  Plugin: [35mvite:import-analysis[39m
  File: [36mC:/Users/daviz/OneDrive/Documentos/GitHub/VALEIRO_DAVID_FULLSTACK/Pec05/front/src/components/Navbar/Navbar.jsx[39m:3:27
[33m  1  |  import { useState } from "react";
  2  |  import { Link } from "react-router-dom";
  3  |  import { clearToken } from "../api";
     |                              ^
  4  |  var _jsxFileName = "C:/Users/daviz/OneDrive/Documentos/GitHub/VALEIRO_DAVID_FULLSTACK/Pec05/front/src/components/Navb...
  5  |  import { jsxDEV as _jsxDEV } from "react/jsx-dev-runtime";[39m
[2m12:39:27[22m [31m[1m[vite][22m[39m [31m[2m(client)[22m[39m Pre-transform error: Failed to resolve import "../api" from "src/components/Navbar/Navbar.jsx". Does the file exist?
  Plugin: [35mvite:import-analysis[39m
  File: [36mC:/Users/daviz/OneDrive/Documentos/GitHub/VALEIRO_DAVID_FULLSTACK/Pec05/front/src/components/Navbar/Navbar.jsx[39m:3:27
[33m  1  |  import { useState } from "react";
  2  |  import { Link } from "react-router-dom";
  3  |  import { clearToken } from "../api";
     |                              ^
  4  |  var _jsxFileName = "C:/Users/daviz/OneDrive/Documentos/GitHub/VALEIRO_DAVID_FULLSTACK/Pec05/front/src/components/Navb...
  5  |  import { jsxDEV as _jsxDEV } from "react/jsx-dev-runtime";[39m
[2m12:39:27[22m [31m[1m[vite][22m[39m [31m[2m(client)[22m[39m Pre-transform error: Failed to resolve import "../api" from "src/components/Navbar/Navbar.jsx". Does the file exist?
  Plugin: [35mvite:import-analysis[39m
  File: [36mC:/Users/daviz/OneDrive/Documentos/GitHub/VALEIRO_DAVID_FULLSTACK/Pec05/front/src/components/Navbar/Navbar.jsx[39m:3:27
[33m  1  |  import { useState } from "react";
  2  |  import { Link } from "react-router-dom";
  3  |  import { clearToken } from "../api";
     |                              ^
  4  |  var _jsxFileName = "C:/Users/daviz/OneDrive/Documentos/GitHub/VALEIRO_DAVID_FULLSTACK/Pec05/front/src/components/Navb...
  5  |  import { jsxDEV as _jsxDEV } from "react/jsx-dev-runtime";[39m
[2m12:39:27[22m [31m[1m[vite][22m[39m [31m[2m(client)[22m[39m Pre-transform error: Failed to resolve import "../api" from "src/components/Navbar/Navbar.jsx". Does the file exist?
  Plugin: [35mvite:import-analysis[39m
  File: [36mC:/Users/daviz/OneDrive/Documentos/GitHub/VALEIRO_DAVID_FULLSTACK/Pec05/front/src/components/Navbar/Navbar.jsx[39m:3:27
[33m  1  |  import { useState } from "react";
  2  |  import { Link } from "react-router-dom";
  3  |  import { clearToken } from "../api";
     |                              ^
  4  |  var _jsxFileName = "C:/Users/daviz/OneDrive/Documentos/GitHub/VALEIRO_DAVID_FULLSTACK/Pec05/front/src/components/Navb...
  5  |  import { jsxDEV as _jsxDEV } from "react/jsx-dev-runtime";[39m
[2m12:39:27[22m [31m[1m[vite][22m[39m [31m[2m(client)[22m[39m Pre-transform error: Failed to resolve import "../api" from "src/components/Navbar/Navbar.jsx". Does the file exist?
  Plugin: [35mvite:import-analysis[39m
  File: [36mC:/Users/daviz/OneDrive/Documentos/GitHub/VALEIRO_DAVID_FULLSTACK/Pec05/front/src/components/Navbar/Navbar.jsx[39m:3:27
[33m  1  |  import { useState } from "react";
  2  |  import { Link } from "react-router-dom";
  3  |  import { clearToken } from "../api";
     |                              ^
  4  |  var _jsxFileName = "C:/Users/daviz/OneDrive/Documentos/GitHub/VALEIRO_DAVID_FULLSTACK/Pec05/front/src/components/Navb...
  5  |  import { jsxDEV as _jsxDEV } from "react/jsx-dev-runtime";[39m
[2m12:39:27[22m [31m[1m[vite][22m[39m [31m[2m(client)[22m[39m Pre-transform error: Failed to resolve import "../api" from "src/components/Navbar/Navbar.jsx". Does the file exist?
  Plugin: [35mvite:import-analysis[39m
  File: [36mC:/Users/daviz/OneDrive/Documentos/GitHub/VALEIRO_DAVID_FULLSTACK/Pec05/front/src/components/Navbar/Navbar.jsx[39m:3:27
[33m  1  |  import { useState } from "react";
  2  |  import { Link } from "react-router-dom";
  3  |  import { clearToken } from "../api";
     |                              ^
  4  |  var _jsxFileName = "C:/Users/daviz/OneDrive/Documentos/GitHub/VALEIRO_DAVID_FULLSTACK/Pec05/front/src/components/Navb...
  5  |  import { jsxDEV as _jsxDEV } from "react/jsx-dev-runtime";[39m
[2m12:39:27[22m [31m[1m[vite][22m[39m [31m[2m(client)[22m[39m Pre-transform error: Failed to resolve import "../api" from "src/components/Navbar/Navbar.jsx". Does the file exist?
  Plugin: [35mvite:import-analysis[39m
  File: [36mC:/Users/daviz/OneDrive/Documentos/GitHub/VALEIRO_DAVID_FULLSTACK/Pec05/front/src/components/Navbar/Navbar.jsx[39m:3:27
[33m  1  |  import { useState } from "react";
  2  |  import { Link } from "react-router-dom";
  3  |  import { clearToken } from "../api";
     |                              ^
  4  |  var _jsxFileName = "C:/Users/daviz/OneDrive/Documentos/GitHub/VALEIRO_DAVID_FULLSTACK/Pec05/front/src/components/Navb...
  5  |  import { jsxDEV as _jsxDEV } from "react/jsx-dev-runtime";[39m
[2m12:39:27[22m [31m[1m[vite][22m[39m [31m[2m(client)[22m[39m Pre-transform error: Failed to resolve import "../api" from "src/components/Navbar/Navbar.jsx". Does the file exist?
  Plugin: [35mvite:import-analysis[39m
  File: [36mC:/Users/daviz/OneDrive/Documentos/GitHub/VALEIRO_DAVID_FULLSTACK/Pec05/front/src/components/Navbar/Navbar.jsx[39m:3:27
[33m  1  |  import { useState } from "react";
  2  |  import { Link } from "react-router-dom";
  3  |  import { clearToken } from "../api";
     |                              ^
  4  |  var _jsxFileName = "C:/Users/daviz/OneDrive/Documentos/GitHub/VALEIRO_DAVID_FULLSTACK/Pec05/front/src/components/Navb...
  5  |  import { jsxDEV as _jsxDEV } from "react/jsx-dev-runtime";[39m
[2m12:39:27[22m [31m[1m[vite][22m[39m [31m[2m(client)[22m[39m Pre-transform error: Failed to resolve import "../api" from "src/components/Navbar/Navbar.jsx". Does the file exist?
  Plugin: [35mvite:import-analysis[39m
  File: [36mC:/Users/daviz/OneDrive/Documentos/GitHub/VALEIRO_DAVID_FULLSTACK/Pec05/front/src/components/Navbar/Navbar.jsx[39m:3:27
[33m  1  |  import { useState } from "react";
  2  |  import { Link } from "react-router-dom";
  3  |  import { clearToken } from "../api";
     |                              ^
  4  |  var _jsxFileName = "C:/Users/daviz/OneDrive/Documentos/GitHub/VALEIRO_DAVID_FULLSTACK/Pec05/front/src/components/Navb...
  5  |  import { jsxDEV as _jsxDEV } from "react/jsx-dev-runtime";[39m
[2m12:39:27[22m [31m[1m[vite][22m[39m [31m[2m(client)[22m[39m Pre-transform error: Failed to resolve import "../api" from "src/components/Navbar/Navbar.jsx". Does the file exist?
  Plugin: [35mvite:import-analysis[39m
  File: [36mC:/Users/daviz/OneDrive/Documentos/GitHub/VALEIRO_DAVID_FULLSTACK/Pec05/front/src/components/Navbar/Navbar.jsx[39m:3:27
[33m  1  |  import { useState } from "react";
  2  |  import { Link } from "react-router-dom";
  3  |  import { clearToken } from "../api";
     |                              ^
  4  |  var _jsxFileName = "C:/Users/daviz/OneDrive/Documentos/GitHub/VALEIRO_DAVID_FULLSTACK/Pec05/front/src/components/Navb...
  5  |  import { jsxDEV as _jsxDEV } from "react/jsx-dev-runtime";[39m
[2m12:39:27[22m [31m[1m[vite][22m[39m [31m[2m(client)[22m[39m Pre-transform error: Failed to resolve import "../api" from "src/components/Navbar/Navbar.jsx". Does the file exist?
  Plugin: [35mvite:import-analysis[39m
  File: [36mC:/Users/daviz/OneDrive/Documentos/GitHub/VALEIRO_DAVID_FULLSTACK/Pec05/front/src/components/Navbar/Navbar.jsx[39m:3:27
[33m  1  |  import { useState } from "react";
  2  |  import { Link } from "react-router-dom";
  3  |  import { clearToken } from "../api";
     |                              ^
  4  |  var _jsxFileName = "C:/Users/daviz/OneDrive/Documentos/GitHub/VALEIRO_DAVID_FULLSTACK/Pec05/front/src/components/Navb...
  5  |  import { jsxDEV as _jsxDEV } from "react/jsx-dev-runtime";[39m
[2m12:39:27[22m [31m[1m[vite][22m[39m [31m[2m(client)[22m[39m Pre-transform error: Failed to resolve import "../api" from "src/components/Navbar/Navbar.jsx". Does the file exist?
  Plugin: [35mvite:import-analysis[39m
  File: [36mC:/Users/daviz/OneDrive/Documentos/GitHub/VALEIRO_DAVID_FULLSTACK/Pec05/front/src/components/Navbar/Navbar.jsx[39m:3:27
[33m  1  |  import { useState } from "react";
  2  |  import { Link } from "react-router-dom";
  3  |  import { clearToken } from "../api";
     |                              ^
  4  |  var _jsxFileName = "C:/Users/daviz/OneDrive/Documentos/GitHub/VALEIRO_DAVID_FULLSTACK/Pec05/front/src/components/Navb...
  5  |  import { jsxDEV as _jsxDEV } from "react/jsx-dev-runtime";[39m
[2m12:39:27[22m [31m[1m[vite][22m[39m [31m[2m(client)[22m[39m Pre-transform error: Failed to resolve import "../api" from "src/components/Navbar/Navbar.jsx". Does the file exist?
  Plugin: [35mvite:import-analysis[39m
  File: [36mC:/Users/daviz/OneDrive/Documentos/GitHub/VALEIRO_DAVID_FULLSTACK/Pec05/front/src/components/Navbar/Navbar.jsx[39m:3:27
[33m  1  |  import { useState } from "react";
  2  |  import { Link } from "react-router-dom";
  3  |  import { clearToken } from "../api";
     |                              ^
  4  |  var _jsxFileName = "C:/Users/daviz/OneDrive/Documentos/GitHub/VALEIRO_DAVID_FULLSTACK/Pec05/front/src/components/Navb...
  5  |  import { jsxDEV as _jsxDEV } from "react/jsx-dev-runtime";[39m
[2m12:39:27[22m [31m[1m[vite][22m[39m [31m[2m(client)[22m[39m Pre-transform error: Failed to resolve import "../api" from "src/components/Navbar/Navbar.jsx". Does the file exist?
  Plugin: [35mvite:import-analysis[39m
  File: [36mC:/Users/daviz/OneDrive/Documentos/GitHub/VALEIRO_DAVID_FULLSTACK/Pec05/front/src/components/Navbar/Navbar.jsx[39m:3:27
[33m  1  |  import { useState } from "react";
  2  |  import { Link } from "react-router-dom";
  3  |  import { clearToken } from "../api";
     |                              ^
  4  |  var _jsxFileName = "C:/Users/daviz/OneDrive/Documentos/GitHub/VALEIRO_DAVID_FULLSTACK/Pec05/front/src/components/Navb...
  5  |  import { jsxDEV as _jsxDEV } from "react/jsx-dev-runtime";[39m
[2m12:39:27[22m [31m[1m[vite][22m[39m [31m[2m(client)[22m[39m Pre-transform error: Failed to resolve import "../api" from "src/components/Navbar/Navbar.jsx". Does the file exist?
  Plugin: [35mvite:import-analysis[39m
  File: [36mC:/Users/daviz/OneDrive/Documentos/GitHub/VALEIRO_DAVID_FULLSTACK/Pec05/front/src/components/Navbar/Navbar.jsx[39m:3:27
[33m  1  |  import { useState } from "react";
  2  |  import { Link } from "react-router-dom";
  3  |  import { clearToken } from "../api";
     |                              ^
  4  |  var _jsxFileName = "C:/Users/daviz/OneDrive/Documentos/GitHub/VALEIRO_DAVID_FULLSTACK/Pec05/front/src/components/Navb...
  5  |  import { jsxDEV as _jsxDEV } from "react/jsx-dev-runtime";[39m
[2m12:39:27[22m [31m[1m[vite][22m[39m [31m[2m(client)[22m[39m Pre-transform error: Failed to resolve import "../api" from "src/components/Navbar/Navbar.jsx". Does the file exist?
  Plugin: [35mvite:import-analysis[39m
  File: [36mC:/Users/daviz/OneDrive/Documentos/GitHub/VALEIRO_DAVID_FULLSTACK/Pec05/front/src/components/Navbar/Navbar.jsx[39m:3:27
[33m  1  |  import { useState } from "react";
  2  |  import { Link } from "react-router-dom";
  3  |  import { clearToken } from "../api";
     |                              ^
  4  |  var _jsxFileName = "C:/Users/daviz/OneDrive/Documentos/GitHub/VALEIRO_DAVID_FULLSTACK/Pec05/front/src/components/Navb...
  5  |  import { jsxDEV as _jsxDEV } from "react/jsx-dev-runtime";[39m
[2m12:39:27[22m [31m[1m[vite][22m[39m [31m[2m(client)[22m[39m Pre-transform error: Failed to resolve import "../api" from "src/components/Navbar/Navbar.jsx". Does the file exist?
  Plugin: [35mvite:import-analysis[39m
  File: [36mC:/Users/daviz/OneDrive/Documentos/GitHub/VALEIRO_DAVID_FULLSTACK/Pec05/front/src/components/Navbar/Navbar.jsx[39m:3:27
[33m  1  |  import { useState } from "react";
  2  |  import { Link } from "react-router-dom";
  3  |  import { clearToken } from "../api";
     |                              ^
  4  |  var _jsxFileName = "C:/Users/daviz/OneDrive/Documentos/GitHub/VALEIRO_DAVID_FULLSTACK/Pec05/front/src/components/Navb...
  5  |  import { jsxDEV as _jsxDEV } from "react/jsx-dev-runtime";[39m
[2m12:40:15[22m [31m[1m[vite][22m[39m [31mInternal server error: Failed to resolve import "../api" from "src/components/Navbar/Navbar.jsx". Does the file exist?[39m
  Plugin: [35mvite:import-analysis[39m
  File: [36mC:/Users/daviz/OneDrive/Documentos/GitHub/VALEIRO_DAVID_FULLSTACK/Pec05/front/src/components/Navbar/Navbar.jsx[39m:3:27
[33m  1  |  import { useState } from "react";
  2  |  import { Link } from "react-router-dom";
  3  |  import { clearToken } from "../api";
     |                              ^
  4  |  var _jsxFileName = "C:/Users/daviz/OneDrive/Documentos/GitHub/VALEIRO_DAVID_FULLSTACK/Pec05/front/src/components/Navb...
  5  |  import { jsxDEV as _jsxDEV } from "react/jsx-dev-runtime";[39m
      at TransformPluginContext._formatLog (file:///C:/Users/daviz/OneDrive/Documentos/GitHub/VALEIRO_DAVID_FULLSTACK/Pec05/front/node_modules/vite/dist/node/chunks/node.js:8393:39)
      at TransformPluginContext.error (file:///C:/Users/daviz/OneDrive/Documentos/GitHub/VALEIRO_DAVID_FULLSTACK/Pec05/front/node_modules/vite/dist/node/chunks/node.js:8390:14)
      at normalizeUrl (file:///C:/Users/daviz/OneDrive/Documentos/GitHub/VALEIRO_DAVID_FULLSTACK/Pec05/front/node_modules/vite/dist/node/chunks/node.js:26058:18)
      at async file:///C:/Users/daviz/OneDrive/Documentos/GitHub/VALEIRO_DAVID_FULLSTACK/Pec05/front/node_modules/vite/dist/node/chunks/node.js:26128:30
      at async Promise.all (index 2)
      at async TransformPluginContext.transform (file:///C:/Users/daviz/OneDrive/Documentos/GitHub/VALEIRO_DAVID_FULLSTACK/Pec05/front/node_modules/vite/dist/node/chunks/node.js:26094:4)
      at async EnvironmentPluginContainer.transform (file:///C:/Users/daviz/OneDrive/Documentos/GitHub/VALEIRO_DAVID_FULLSTACK/Pec05/front/node_modules/vite/dist/node/chunks/node.js:8172:14)
      at async loadAndTransform (file:///C:/Users/daviz/OneDrive/Documentos/GitHub/VALEIRO_DAVID_FULLSTACK/Pec05/front/node_modules/vite/dist/node/chunks/node.js:19634:26)
      at async viteTransformMiddleware (file:///C:/Users/daviz/OneDrive/Documentos/GitHub/VALEIRO_DAVID_FULLSTACK/Pec05/front/node_modules/vite/dist/node/chunks/node.js:19853:20)
[2m12:40:15[22m [31m[1m[vite][22m[39m [31m[2m(client)[22m[39m Pre-transform error: Failed to resolve import "../api" from "src/components/Navbar/Navbar.jsx". Does the file exist?
  Plugin: [35mvite:import-analysis[39m
  File: [36mC:/Users/daviz/OneDrive/Documentos/GitHub/VALEIRO_DAVID_FULLSTACK/Pec05/front/src/components/Navbar/Navbar.jsx[39m:3:27
[33m  1  |  import { useState } from "react";
  2  |  import { Link } from "react-router-dom";
  3  |  import { clearToken } from "../api";
     |                              ^
  4  |  var _jsxFileName = "C:/Users/daviz/OneDrive/Documentos/GitHub/VALEIRO_DAVID_FULLSTACK/Pec05/front/src/components/Navb...
  5  |  import { jsxDEV as _jsxDEV } from "react/jsx-dev-runtime";[39m
[2m12:40:15[22m [31m[1m[vite][22m[39m [31m[2m(client)[22m[39m Pre-transform error: Failed to resolve import "../api" from "src/components/Navbar/Navbar.jsx". Does the file exist?
  Plugin: [35mvite:import-analysis[39m
  File: [36mC:/Users/daviz/OneDrive/Documentos/GitHub/VALEIRO_DAVID_FULLSTACK/Pec05/front/src/components/Navbar/Navbar.jsx[39m:3:27
[33m  1  |  import { useState } from "react";
  2  |  import { Link } from "react-router-dom";
  3  |  import { clearToken } from "../api";
     |                              ^
  4  |  var _jsxFileName = "C:/Users/daviz/OneDrive/Documentos/GitHub/VALEIRO_DAVID_FULLSTACK/Pec05/front/src/components/Navb...
  5  |  import { jsxDEV as _jsxDEV } from "react/jsx-dev-runtime";[39m
[2m12:40:15[22m [31m[1m[vite][22m[39m [31m[2m(client)[22m[39m Pre-transform error: Failed to resolve import "../api" from "src/components/Navbar/Navbar.jsx". Does the file exist?
  Plugin: [35mvite:import-analysis[39m
  File: [36mC:/Users/daviz/OneDrive/Documentos/GitHub/VALEIRO_DAVID_FULLSTACK/Pec05/front/src/components/Navbar/Navbar.jsx[39m:3:27
[33m  1  |  import { useState } from "react";
  2  |  import { Link } from "react-router-dom";
  3  |  import { clearToken } from "../api";
     |                              ^
  4  |  var _jsxFileName = "C:/Users/daviz/OneDrive/Documentos/GitHub/VALEIRO_DAVID_FULLSTACK/Pec05/front/src/components/Navb...
  5  |  import { jsxDEV as _jsxDEV } from "react/jsx-dev-runtime";[39m
[2m12:40:15[22m [31m[1m[vite][22m[39m [31m[2m(client)[22m[39m Pre-transform error: Failed to resolve import "../api" from "src/components/Navbar/Navbar.jsx". Does the file exist?
  Plugin: [35mvite:import-analysis[39m
  File: [36mC:/Users/daviz/OneDrive/Documentos/GitHub/VALEIRO_DAVID_FULLSTACK/Pec05/front/src/components/Navbar/Navbar.jsx[39m:3:27
[33m  1  |  import { useState } from "react";
  2  |  import { Link } from "react-router-dom";
  3  |  import { clearToken } from "../api";
     |                              ^
  4  |  var _jsxFileName = "C:/Users/daviz/OneDrive/Documentos/GitHub/VALEIRO_DAVID_FULLSTACK/Pec05/front/src/components/Navb...
  5  |  import { jsxDEV as _jsxDEV } from "react/jsx-dev-runtime";[39m
[2m12:40:15[22m [31m[1m[vite][22m[39m [31m[2m(client)[22m[39m Pre-transform error: Failed to resolve import "../api" from "src/components/Navbar/Navbar.jsx". Does the file exist?
  Plugin: [35mvite:import-analysis[39m
  File: [36mC:/Users/daviz/OneDrive/Documentos/GitHub/VALEIRO_DAVID_FULLSTACK/Pec05/front/src/components/Navbar/Navbar.jsx[39m:3:27
[33m  1  |  import { useState } from "react";
  2  |  import { Link } from "react-router-dom";
  3  |  import { clearToken } from "../api";
     |                              ^
  4  |  var _jsxFileName = "C:/Users/daviz/OneDrive/Documentos/GitHub/VALEIRO_DAVID_FULLSTACK/Pec05/front/src/components/Navb...
  5  |  import { jsxDEV as _jsxDEV } from "react/jsx-dev-runtime";[39m
[2m12:40:15[22m [31m[1m[vite][22m[39m [31m[2m(client)[22m[39m Pre-transform error: Failed to resolve import "../api" from "src/components/Navbar/Navbar.jsx". Does the file exist?
  Plugin: [35mvite:import-analysis[39m
  File: [36mC:/Users/daviz/OneDrive/Documentos/GitHub/VALEIRO_DAVID_FULLSTACK/Pec05/front/src/components/Navbar/Navbar.jsx[39m:3:27
[33m  1  |  import { useState } from "react";
  2  |  import { Link } from "react-router-dom";
  3  |  import { clearToken } from "../api";
     |                              ^
  4  |  var _jsxFileName = "C:/Users/daviz/OneDrive/Documentos/GitHub/VALEIRO_DAVID_FULLSTACK/Pec05/front/src/components/Navb...
  5  |  import { jsxDEV as _jsxDEV } from "react/jsx-dev-runtime";[39m
[2m12:40:15[22m [31m[1m[vite][22m[39m [31m[2m(client)[22m[39m Pre-transform error: Failed to resolve import "../api" from "src/components/Navbar/Navbar.jsx". Does the file exist?
  Plugin: [35mvite:import-analysis[39m
  File: [36mC:/Users/daviz/OneDrive/Documentos/GitHub/VALEIRO_DAVID_FULLSTACK/Pec05/front/src/components/Navbar/Navbar.jsx[39m:3:27
[33m  1  |  import { useState } from "react";
  2  |  import { Link } from "react-router-dom";
  3  |  import { clearToken } from "../api";
     |                              ^
  4  |  var _jsxFileName = "C:/Users/daviz/OneDrive/Documentos/GitHub/VALEIRO_DAVID_FULLSTACK/Pec05/front/src/components/Navb...
  5  |  import { jsxDEV as _jsxDEV } from "react/jsx-dev-runtime";[39m
[2m12:40:15[22m [31m[1m[vite][22m[39m [31m[2m(client)[22m[39m Pre-transform error: Failed to resolve import "../api" from "src/components/Navbar/Navbar.jsx". Does the file exist?
  Plugin: [35mvite:import-analysis[39m
  File: [36mC:/Users/daviz/OneDrive/Documentos/GitHub/VALEIRO_DAVID_FULLSTACK/Pec05/front/src/components/Navbar/Navbar.jsx[39m:3:27
[33m  1  |  import { useState } from "react";
  2  |  import { Link } from "react-router-dom";
  3  |  import { clearToken } from "../api";
     |                              ^
  4  |  var _jsxFileName = "C:/Users/daviz/OneDrive/Documentos/GitHub/VALEIRO_DAVID_FULLSTACK/Pec05/front/src/components/Navb...
  5  |  import { jsxDEV as _jsxDEV } from "react/jsx-dev-runtime";[39m
[2m12:40:15[22m [31m[1m[vite][22m[39m [31m[2m(client)[22m[39m Pre-transform error: Failed to resolve import "../api" from "src/components/Navbar/Navbar.jsx". Does the file exist?
  Plugin: [35mvite:import-analysis[39m
  File: [36mC:/Users/daviz/OneDrive/Documentos/GitHub/VALEIRO_DAVID_FULLSTACK/Pec05/front/src/components/Navbar/Navbar.jsx[39m:3:27
[33m  1  |  import { useState } from "react";
  2  |  import { Link } from "react-router-dom";
  3  |  import { clearToken } from "../api";
     |                              ^
  4  |  var _jsxFileName = "C:/Users/daviz/OneDrive/Documentos/GitHub/VALEIRO_DAVID_FULLSTACK/Pec05/front/src/components/Navb...
  5  |  import { jsxDEV as _jsxDEV } from "react/jsx-dev-runtime";[39m
[2m12:40:15[22m [31m[1m[vite][22m[39m [31m[2m(client)[22m[39m Pre-transform error: Failed to resolve import "../api" from "src/components/Navbar/Navbar.jsx". Does the file exist?
  Plugin: [35mvite:import-analysis[39m
  File: [36mC:/Users/daviz/OneDrive/Documentos/GitHub/VALEIRO_DAVID_FULLSTACK/Pec05/front/src/components/Navbar/Navbar.jsx[39m:3:27
[33m  1  |  import { useState } from "react";
  2  |  import { Link } from "react-router-dom";
  3  |  import { clearToken } from "../api";
     |                              ^
  4  |  var _jsxFileName = "C:/Users/daviz/OneDrive/Documentos/GitHub/VALEIRO_DAVID_FULLSTACK/Pec05/front/src/components/Navb...
  5  |  import { jsxDEV as _jsxDEV } from "react/jsx-dev-runtime";[39m
[2m12:40:15[22m [31m[1m[vite][22m[39m [31m[2m(client)[22m[39m Pre-transform error: Failed to resolve import "../api" from "src/components/Navbar/Navbar.jsx". Does the file exist?
  Plugin: [35mvite:import-analysis[39m
  File: [36mC:/Users/daviz/OneDrive/Documentos/GitHub/VALEIRO_DAVID_FULLSTACK/Pec05/front/src/components/Navbar/Navbar.jsx[39m:3:27
[33m  1  |  import { useState } from "react";
  2  |  import { Link } from "react-router-dom";
  3  |  import { clearToken } from "../api";
     |                              ^
  4  |  var _jsxFileName = "C:/Users/daviz/OneDrive/Documentos/GitHub/VALEIRO_DAVID_FULLSTACK/Pec05/front/src/components/Navb...
  5  |  import { jsxDEV as _jsxDEV } from "react/jsx-dev-runtime";[39m
[2m12:40:15[22m [31m[1m[vite][22m[39m [31m[2m(client)[22m[39m Pre-transform error: Failed to resolve import "../api" from "src/components/Navbar/Navbar.jsx". Does the file exist?
  Plugin: [35mvite:import-analysis[39m
  File: [36mC:/Users/daviz/OneDrive/Documentos/GitHub/VALEIRO_DAVID_FULLSTACK/Pec05/front/src/components/Navbar/Navbar.jsx[39m:3:27
[33m  1  |  import { useState } from "react";
  2  |  import { Link } from "react-router-dom";
  3  |  import { clearToken } from "../api";
     |                              ^
  4  |  var _jsxFileName = "C:/Users/daviz/OneDrive/Documentos/GitHub/VALEIRO_DAVID_FULLSTACK/Pec05/front/src/components/Navb...
  5  |  import { jsxDEV as _jsxDEV } from "react/jsx-dev-runtime";[39m
[2m12:40:15[22m [31m[1m[vite][22m[39m [31m[2m(client)[22m[39m Pre-transform error: Failed to resolve import "../api" from "src/components/Navbar/Navbar.jsx". Does the file exist?
  Plugin: [35mvite:import-analysis[39m
  File: [36mC:/Users/daviz/OneDrive/Documentos/GitHub/VALEIRO_DAVID_FULLSTACK/Pec05/front/src/components/Navbar/Navbar.jsx[39m:3:27
[33m  1  |  import { useState } from "react";
  2  |  import { Link } from "react-router-dom";
  3  |  import { clearToken } from "../api";
     |                              ^
  4  |  var _jsxFileName = "C:/Users/daviz/OneDrive/Documentos/GitHub/VALEIRO_DAVID_FULLSTACK/Pec05/front/src/components/Navb...
  5  |  import { jsxDEV as _jsxDEV } from "react/jsx-dev-runtime";[39m
[2m12:40:15[22m [31m[1m[vite][22m[39m [31m[2m(client)[22m[39m Pre-transform error: Failed to resolve import "../api" from "src/components/Navbar/Navbar.jsx". Does the file exist?
  Plugin: [35mvite:import-analysis[39m
  File: [36mC:/Users/daviz/OneDrive/Documentos/GitHub/VALEIRO_DAVID_FULLSTACK/Pec05/front/src/components/Navbar/Navbar.jsx[39m:3:27
[33m  1  |  import { useState } from "react";
  2  |  import { Link } from "react-router-dom";
  3  |  import { clearToken } from "../api";
     |                              ^
  4  |  var _jsxFileName = "C:/Users/daviz/OneDrive/Documentos/GitHub/VALEIRO_DAVID_FULLSTACK/Pec05/front/src/components/Navb...
  5  |  import { jsxDEV as _jsxDEV } from "react/jsx-dev-runtime";[39m
[2m12:40:15[22m [31m[1m[vite][22m[39m [31m[2m(client)[22m[39m Pre-transform error: Failed to resolve import "../api" from "src/components/Navbar/Navbar.jsx". Does the file exist?
  Plugin: [35mvite:import-analysis[39m
  File: [36mC:/Users/daviz/OneDrive/Documentos/GitHub/VALEIRO_DAVID_FULLSTACK/Pec05/front/src/components/Navbar/Navbar.jsx[39m:3:27
[33m  1  |  import { useState } from "react";
  2  |  import { Link } from "react-router-dom";
  3  |  import { clearToken } from "../api";
     |                              ^
  4  |  var _jsxFileName = "C:/Users/daviz/OneDrive/Documentos/GitHub/VALEIRO_DAVID_FULLSTACK/Pec05/front/src/components/Navb...
  5  |  import { jsxDEV as _jsxDEV } from "react/jsx-dev-runtime";[39m
[2m12:40:15[22m [31m[1m[vite][22m[39m [31m[2m(client)[22m[39m Pre-transform error: Failed to resolve import "../api" from "src/components/Navbar/Navbar.jsx". Does the file exist?
  Plugin: [35mvite:import-analysis[39m
  File: [36mC:/Users/daviz/OneDrive/Documentos/GitHub/VALEIRO_DAVID_FULLSTACK/Pec05/front/src/components/Navbar/Navbar.jsx[39m:3:27
[33m  1  |  import { useState } from "react";
  2  |  import { Link } from "react-router-dom";
  3  |  import { clearToken } from "../api";
     |                              ^
  4  |  var _jsxFileName = "C:/Users/daviz/OneDrive/Documentos/GitHub/VALEIRO_DAVID_FULLSTACK/Pec05/front/src/components/Navb...
  5  |  import { jsxDEV as _jsxDEV } from "react/jsx-dev-runtime";[39m
[2m12:40:15[22m [31m[1m[vite][22m[39m [31m[2m(client)[22m[39m Pre-transform error: Failed to resolve import "../api" from "src/components/Navbar/Navbar.jsx". Does the file exist?
  Plugin: [35mvite:import-analysis[39m
  File: [36mC:/Users/daviz/OneDrive/Documentos/GitHub/VALEIRO_DAVID_FULLSTACK/Pec05/front/src/components/Navbar/Navbar.jsx[39m:3:27
[33m  1  |  import { useState } from "react";
  2  |  import { Link } from "react-router-dom";
  3  |  import { clearToken } from "../api";
     |                              ^
  4  |  var _jsxFileName = "C:/Users/daviz/OneDrive/Documentos/GitHub/VALEIRO_DAVID_FULLSTACK/Pec05/front/src/components/Navb...
  5  |  import { jsxDEV as _jsxDEV } from "react/jsx-dev-runtime";[39m
